// Jest Snapshot v1, https://goo.gl/fbAQLP

exports[`Empty renders correct content 1`] = `
<DocumentFragment>
  <div
    class="MuiBox-root MuiBox-root-2"
  >
    <p
      class="MuiTypography-root MuiTypography-body1 MuiTypography-colorTextSecondary MuiTypography-alignCenter"
      data-testid="empty"
    >
      abc
    </p>
    <p
      class="MuiTypography-root MuiTypography-body1 MuiTypography-colorTextSecondary MuiTypography-alignCenter"
      data-testid="empty"
    >
      def
    </p>
  </div>
</DocumentFragment>
`;
